// Jest Snapshot v1, https://goo.gl/fbAQLP

exports[`<Home /> match snapshot 1`] = `
<div>
  <div
    class="className"
  >
    <section
      class="firstSection"
    >
      <div
        class="mainTitle"
      >
        <h1
          data-aos="fade-right"
          data-aos-duration="1000"
        >
          title
        </h1>
        <p
          data-aos="fade-left"
          data-aos-duration="1000"
        >
          home.RealEstate
        </p>
      </div>
    </section>
    <section
      class="secondSection"
    >
      <div
        class="titles"
      >
        <p
          class="paraph"
        >
          home.Analysis
           | 
          home.Consultancy
           |
           
          home.Coordination
        </p>
      </div>
      <p
        class="consultancy"
      >
        home.ConsultancyMediation
      </p>
    </section>
    <div
      class="ourMission"
      data-aos="fade-up"
      data-aos-anchor-placement="top-center"
    >
      <div
        class="column_2"
      >
        <div
          class="parallax-outer"
        >
          <div
            class="parallax-inner"
            style="transform: translate3d(0%, 40%, 0);"
          >
            <img
              alt="view4"
              class="image"
              src="view4.jpg"
            />
          </div>
        </div>
      </div>
      <div
        class="column_2"
      >
        <div>
          <h2>
            home.OurMission
          </h2>
        </div>
        <div>
          <p>
            home.WeOffer
          </p>
        </div>
      </div>
    </div>
    <div
      class="squares"
      data-aos="fade-up"
      data-aos-anchor-placement="bottom-bottom"
    >
      <div
        class="square wrapper"
      >
        <h2>
          home.TheExperience
        </h2>
        <p>
          home.TheKnowledge
        </p>
      </div>
      <div
        class="square"
      >
        <img
          alt="castle"
          class="image"
          src="castle.jpg"
        />
      </div>
      <div
        class="square wrapper"
      >
        <h2>
          home.WhenBeing
        </h2>
        <p>
          home.InThree
        </p>
      </div>
    </div>
    <div
      class="squares"
      data-aos="fade-up"
      data-aos-anchor-placement="top-center"
    >
      <div
        class="square"
      >
        <img
          alt="view1"
          class="image"
          src="view1.jpg"
        />
      </div>
      <div
        class="square wrapper"
      >
        <h2>
          home.ASpecializedGuide
        </h2>
        <p>
          home.WeAnalyze
        </p>
      </div>
      <div
        class="square"
      >
        <img
          alt="view2"
          class="image"
          src="view2.jpg"
        />
      </div>
    </div>
    <div
      class="squares"
      data-aos="fade-up"
      data-aos-anchor-placement="top-center"
    >
      <div
        class="square wrapper"
      >
        <h2>
          home.PrivacyAndDiscretion
        </h2>
        <p>
          home.OurApproach
        </p>
      </div>
      <div
        class="square"
      >
        <img
          alt="view3"
          class="image"
          src="view3.jpg"
        />
      </div>
      <div
        class="square wrapper"
      >
        <h2>
          home.LuxuryRealEstate
        </h2>
        <p>
          home.WithAGrowing
        </p>
      </div>
    </div>
    <div
      class="lastSection"
      data-aos="fade-up"
      data-aos-anchor-placement="bottom-bottom"
    >
      <div>
        <h2>
          home.ATradition
        </h2>
      </div>
      <div>
        <p>
          home.WeDevelop
        </p>
      </div>
    </div>
  </div>
  ,
</div>
`;
